// Jest Snapshot v1, https://goo.gl/fbAQLP

exports[`toMatchSnapshot Function snapshot test should match snapshot 1`] = `undefined`;
