// Jest Snapshot v1, https://goo.gl/fbAQLP

exports[`validateCreateFSProps Function should contain proper validators 1`] = `
"Props passed to createFS function are invalid:
[{\\"path\\":[\\"databaseName\\"],\\"property\\":\\"instance.databaseName\\",\\"message\\":\\"does not meet minimum length of 4\\",\\"schema\\":{\\"minLength\\":4,\\"maxLength\\":50,\\"type\\":\\"string\\",\\"pattern\\":\\"^[a-zA-Z0-9_.-]*$\\"},\\"instance\\":\\"d\\",\\"name\\":\\"minLength\\",\\"argument\\":4,\\"stack\\":\\"instance.databaseName does not meet minimum length of 4\\"},{\\"path\\":[\\"objectStoreName\\"],\\"property\\":\\"instance.objectStoreName\\",\\"message\\":\\"does not meet maximum length of 20\\",\\"schema\\":{\\"minLength\\":1,\\"maxLength\\":20,\\"type\\":\\"string\\",\\"pattern\\":\\"^[a-zA-Z0-9_.-]*$\\"},\\"instance\\":\\"_contain_string_contain_string_contain_string_contain_string\\",\\"name\\":\\"maxLength\\",\\"argument\\":20,\\"stack\\":\\"instance.objectStoreName does not meet maximum length of 20\\"},{\\"path\\":[\\"rootDirectoryName\\"],\\"property\\":\\"instance.rootDirectoryName\\",\\"message\\":\\"does not match pattern \\\\\\"^[a-zA-Z0-9_.-]*$\\\\\\"\\",\\"schema\\":{\\"minLength\\":1,\\"maxLength\\":20,\\"type\\":\\"string\\",\\"pattern\\":\\"^[a-zA-Z0-9_.-]*$\\"},\\"instance\\":\\" start_with_string\\",\\"name\\":\\"pattern\\",\\"argument\\":\\"^[a-zA-Z0-9_.-]*$\\",\\"stack\\":\\"instance.rootDirectoryName does not match pattern \\\\\\"^[a-zA-Z0-9_.-]*$\\\\\\"\\"},{\\"path\\":[\\"databaseVersion\\"],\\"property\\":\\"instance.databaseVersion\\",\\"message\\":\\"is not of a type(s) integer\\",\\"schema\\":{\\"minimum\\":1,\\"maximum\\":100,\\"type\\":\\"integer\\"},\\"instance\\":1.1,\\"name\\":\\"type\\",\\"argument\\":[\\"integer\\"],\\"stack\\":\\"instance.databaseVersion is not of a type(s) integer\\"}]"
`;

exports[`validateCreateFSProps Function should require all object fields 1`] = `
"Props passed to createFS function are invalid:
[{\\"path\\":[],\\"property\\":\\"instance\\",\\"message\\":\\"requires property \\\\\\"databaseName\\\\\\"\\",\\"schema\\":\\"/CreateFsPropsSchema\\",\\"instance\\":{},\\"name\\":\\"required\\",\\"argument\\":\\"databaseName\\",\\"stack\\":\\"instance requires property \\\\\\"databaseName\\\\\\"\\"},{\\"path\\":[],\\"property\\":\\"instance\\",\\"message\\":\\"requires property \\\\\\"databaseVersion\\\\\\"\\",\\"schema\\":\\"/CreateFsPropsSchema\\",\\"instance\\":{},\\"name\\":\\"required\\",\\"argument\\":\\"databaseVersion\\",\\"stack\\":\\"instance requires property \\\\\\"databaseVersion\\\\\\"\\"},{\\"path\\":[],\\"property\\":\\"instance\\",\\"message\\":\\"requires property \\\\\\"objectStoreName\\\\\\"\\",\\"schema\\":\\"/CreateFsPropsSchema\\",\\"instance\\":{},\\"name\\":\\"required\\",\\"argument\\":\\"objectStoreName\\",\\"stack\\":\\"instance requires property \\\\\\"objectStoreName\\\\\\"\\"},{\\"path\\":[],\\"property\\":\\"instance\\",\\"message\\":\\"requires property \\\\\\"rootDirectoryName\\\\\\"\\",\\"schema\\":\\"/CreateFsPropsSchema\\",\\"instance\\":{},\\"name\\":\\"required\\",\\"argument\\":\\"rootDirectoryName\\",\\"stack\\":\\"instance requires property \\\\\\"rootDirectoryName\\\\\\"\\"}]"
`;

exports[`validateCreateFSProps Function should throw an error when passed value is not an object 1`] = `
"Props passed to createFS function are invalid:
[{\\"path\\":[],\\"property\\":\\"instance\\",\\"message\\":\\"is not of a type(s) object\\",\\"schema\\":\\"/CreateFsPropsSchema\\",\\"instance\\":null,\\"name\\":\\"type\\",\\"argument\\":[\\"object\\"],\\"stack\\":\\"instance is not of a type(s) object\\"}]"
`;

exports[`validateCreateFSProps Function snapshot test should match snapshot 1`] = `
Object {
  "id": "/CreateFsPropsSchema",
  "properties": Object {
    "databaseName": Object {
      "maxLength": 50,
      "minLength": 4,
      "pattern": "^[a-zA-Z0-9_.-]*$",
      "type": "string",
    },
    "databaseVersion": Object {
      "maximum": 100,
      "minimum": 1,
      "type": "integer",
    },
    "objectStoreName": Object {
      "maxLength": 20,
      "minLength": 1,
      "pattern": "^[a-zA-Z0-9_.-]*$",
      "type": "string",
    },
    "rootDirectoryName": Object {
      "maxLength": 20,
      "minLength": 1,
      "pattern": "^[a-zA-Z0-9_.-]*$",
      "type": "string",
    },
  },
  "required": Array [
    "databaseName",
    "databaseVersion",
    "objectStoreName",
    "rootDirectoryName",
  ],
  "type": "object",
}
`;
