// Jest Snapshot v1, https://goo.gl/fbAQLP

exports[`createFs Function fs object creation should throw an error when passed configuration is invalid 1`] = `
"Props passed to createFS function are invalid:
[{"path":["databaseName"],"property":"instance.databaseName","message":"does not meet maximum length of 50","schema":{"minLength":4,"maxLength":50,"type":"string","pattern":"^[a-zA-Z0-9_.-]*$"},"instance":"too long database name as example of databaseName parameter","name":"maxLength","argument":50,"stack":"instance.databaseName does not meet maximum length of 50"},{"path":["databaseName"],"property":"instance.databaseName","message":"does not match pattern \\"^[a-zA-Z0-9_.-]*$\\"","schema":{"minLength":4,"maxLength":50,"type":"string","pattern":"^[a-zA-Z0-9_.-]*$"},"instance":"too long database name as example of databaseName parameter","name":"pattern","argument":"^[a-zA-Z0-9_.-]*$","stack":"instance.databaseName does not match pattern \\"^[a-zA-Z0-9_.-]*$\\""},{"path":["objectStoreName"],"property":"instance.objectStoreName","message":"does not match pattern \\"^[a-zA-Z0-9_.-]*$\\"","schema":{"minLength":1,"maxLength":20,"type":"string","pattern":"^[a-zA-Z0-9_.-]*$"},"instance":"  starts with space","name":"pattern","argument":"^[a-zA-Z0-9_.-]*$","stack":"instance.objectStoreName does not match pattern \\"^[a-zA-Z0-9_.-]*$\\""},{"path":["rootDirectoryName"],"property":"instance.rootDirectoryName","message":"does not meet minimum length of 1","schema":{"minLength":1,"maxLength":20,"type":"string","pattern":"^[a-zA-Z0-9_.-]*$"},"instance":"","name":"minLength","argument":1,"stack":"instance.rootDirectoryName does not meet minimum length of 1"},{"path":["databaseVersion"],"property":"instance.databaseVersion","message":"is not of a type(s) integer","schema":{"minimum":1,"maximum":100,"type":"integer"},"instance":1.5,"name":"type","argument":["integer"],"stack":"instance.databaseVersion is not of a type(s) integer"}]"
`;

exports[`createFs Function should throw an error when the browser does not support indexedDB 1`] = `"Your browser does not support indexedDB."`;
